[www.devopseasylearning.com/registration/index.html]
[backblue.gif]
[fade.gif]
[index.html]
[www.devopseasylearning.com/wp-content/plugins/memberpress/css/ui/theme1075.css]
[www.devopseasylearning.com/wp-content/themes/astra/assets/css/minified/main.min05da.css]
[www.devopseasylearning.com/feed/index.html]
[www.devopseasylearning.com/comments/feed/index.html]
[www.devopseasylearning.com/wp-includes/css/dashicons.min9b30.css]
[www.devopseasylearning.com/wp-content/plugins/menu-icons/css/extra.min1bd9.css]
[www.devopseasylearning.com/wp-includes/css/dist/block-library/style.min9b30.css]
[www.devopseasylearning.com/wp-content/plugins/embedpress/Gutenberg/dist/blocks.style.buildb516.css]
[www.devopseasylearning.com/wp-content/plugins/wp-whatsapp/assets/dist/css/style9b30.css]
[www.devopseasylearning.com/wp-content/plugins/sfwd-lms/themes/legacy/templates/learndash_quiz_front.minaaf6.css]
[www.devopseasylearning.com/wp-content/plugins/sfwd-lms/themes/ld30/assets/css/learndash.minaaf6.css]
[www.devopseasylearning.com/wp-content/plugins/design-upgrade-learndash/assets/css/ld32905.css]
[www.devopseasylearning.com/wp-content/plugins/embedpress/assets/css/embedpress9b30.css]
[www.devopseasylearning.com/wp-content/plugins/juvo-session-manager-premium/public/css/juvo-session-manager-public7359.css]
[www.devopseasylearning.com/wp-content/plugins/revslider/public/assets/css/settings84f5.css]
[www.devopseasylearning.com/wp-content/plugins/wp-events-manager/inc/libraries/countdown/css/jquery.countdown9b30.css]
[www.devopseasylearning.com/wp-content/plugins/wp-events-manager/inc/libraries/owl-carousel/css/owl.carousel9b30.css]
[www.devopseasylearning.com/wp-content/plugins/wp-events-manager/inc/libraries/magnific-popup/css/magnific-popup9b30.css]
[www.devopseasylearning.com/wp-content/plugins/wp-events-manager/assets/css/frontend/events.min9b30.css]
[www.devopseasylearning.com/wp-content/plugins/sfwd-lms/assets/css/jquery.dropdown.minaaf6.css]
[www.devopseasylearning.com/wp-content/plugins/sfwd-lms/themes/legacy/templates/learndash_lesson_video.minaaf6.css]
[www.devopseasylearning.com/wp-content/plugins/ld-dashboard/public/css/jquery.ui.datepicker1014.css]
[www.devopseasylearning.com/wp-content/plugins/ld-dashboard/public/css/select2.min1014.css]
[www.devopseasylearning.com/wp-content/plugins/ld-dashboard/public/css/ld-dashboard-public1014.css]
[www.devopseasylearning.com/wp-content/plugins/ld-dashboard/public/css/ld-dashboard-public-zoom1014.css]
[www.devopseasylearning.com/wp-content/plugins/ld-dashboard/public/icons/ld-icons1014.css]
[www.devopseasylearning.com/wp-content/plugins/sfwd-lms/assets/css/learndash-admin-shortcodes-rtl1014.css]
[www.devopseasylearning.com/wp-content/plugins/sfwd-lms/assets/css/learndash-admin-shortcodes1014.css]
[www.devopseasylearning.com/wp-content/uploads/astra-addon/astra-addon-646fa387b70225-4758021731a4.css]
[www.devopseasylearning.com/wp-content/plugins/elementor/assets/lib/eicons/css/elementor-icons.minfc13.css]
[www.devopseasylearning.com/wp-content/plugins/elementor/assets/css/frontend.min0fa4.css]
[www.devopseasylearning.com/wp-content/plugins/elementor/assets/lib/swiper/css/swiper.min48f5.css]
[www.devopseasylearning.com/wp-content/uploads/elementor/css/post-2700bee4.css]
[www.devopseasylearning.com/wp-content/plugins/embedpress/assets/css/embedpress-elementorf3df.css]
[www.devopseasylearning.com/wp-content/plugins/elementor-pro/assets/css/frontend.min991d.css]
[www.devopseasylearning.com/wp-content/uploads/elementor/css/global02c6.css]
[www.devopseasylearning.com/wp-content/uploads/elementor/css/post-27081c53.css]
[www.devopseasylearning.com/wp-content/plugins/fluentform/public/css/fluent-forms-elementor-widget163a.css]
[www.devopseasylearning.com/wp-content/uploads/elementor/css/post-24218bee4.css]
[www.devopseasylearning.com/wp-content/uploads/elementor/css/post-24236bee4.css]
[www.devopseasylearning.com/wp-content/plugins/elementor/assets/lib/font-awesome/css/fontawesome.min52d5.css]
[www.devopseasylearning.com/wp-content/plugins/elementor/assets/lib/font-awesome/css/solid.min52d5.css]
[www.devopseasylearning.com/wp-content/plugins/elementor/assets/lib/font-awesome/css/regular.min52d5.css]
[www.devopseasylearning.com/wp-includes/js/jquery/jquery.min3088.js]
[www.devopseasylearning.com/wp-includes/js/jquery/jquery-migrate.min5589.js]
[www.devopseasylearning.com/wp-content/plugins/juvo-session-manager-premium/public/js/juvo-session-manager-freemius7359.js]
[www.devopseasylearning.com/wp-content/plugins/juvo-session-manager-premium/node_modules/micromodal/dist/micromodal.min7359.js]
[www.devopseasylearning.com/wp-content/plugins/juvo-session-manager-premium/public/js/juvo-session-manager-public7359.js]
[www.devopseasylearning.com/wp-content/plugins/revslider/public/assets/js/jquery.themepunch.tools.min84f5.js]
[www.devopseasylearning.com/wp-content/plugins/revslider/public/assets/js/jquery.themepunch.revolution.min84f5.js]
[www.devopseasylearning.com/wp-json/wp/v2/pages/2708.json]
[www.devopseasylearning.com/wp-json/index.html]
[www.devopseasylearning.com/wp-json/oembed/1.0/embed3804.json]
[www.devopseasylearning.com/wp-json/oembed/1.0/embed2f92]
[www.devopseasylearning.com/wp-content/uploads/2021/05/cropped-fav-1-32x32.png]
[www.devopseasylearning.com/wp-content/uploads/2021/05/cropped-fav-1-192x192.png]
[www.devopseasylearning.com/wp-content/uploads/2021/05/cropped-fav-1-180x180.png]
[www.devopseasylearning.com/wp-content/uploads/2022/06/curriculum-22.pdf]
[www.devopseasylearning.com/wp-content/uploads/2022/10/cropped-devops-easylearning-logo.png]
[www.devopseasylearning.com/wp-content/plugins/fluentformpro/public/libs/intl-tel-input/css/intlTelInput.min85e8.css]
[www.devopseasylearning.com/wp-content/plugins/fluentform/public/css/fluent-forms-public163a.css]
[www.devopseasylearning.com/wp-content/plugins/fluentform/public/css/fluentform-public-default163a.css]
[www.devopseasylearning.com/wp-content/plugins/elementor/assets/lib/animations/animations.min0fa4.css]
[www.devopseasylearning.com/wp-content/themes/astra/assets/js/minified/frontend.min05da.js]
[www.devopseasylearning.com/verify-certification/index.html]
[www.devopseasylearning.com/indexc20a.html]
[www.devopseasylearning.com/instalments-plan/index.html]
[www.devopseasylearning.com/contact/index.html]
[www.devopseasylearning.com/wp-content/plugins/embedpress/assets/js/pdfobject.minf3df.js]
[www.devopseasylearning.com/wp-content/plugins/embedpress/assets/js/frontf3df.js]
[www.devopseasylearning.com/login/index.html]
[www.devopseasylearning.com/events/index.html]
[www.devopseasylearning.com/index.html]
[www.devopseasylearning.com/wp-content/plugins/embedpress/assets/js/documents-viewer-scriptf3df.js]
[www.devopseasylearning.com/privacy-policy/index.html]
[www.devopseasylearning.com/wp-content/plugins/learndash-course-grid/assets/js/elementora7f4.js]
[www.devopseasylearning.com/wp-includes/js/jquery/ui/core.min3f14.js]
[www.devopseasylearning.com/wp-includes/js/underscore.mind584.js]
[www.devopseasylearning.com/wp-includes/js/wp-util.min9b30.js]
[www.devopseasylearning.com/wp-includes/js/backbone.min330a.js]
[www.devopseasylearning.com/wp-content/plugins/wp-events-manager/inc/libraries/countdown/js/jquery.plugin.min9b30.js]
[www.devopseasylearning.com/wp-content/plugins/wp-events-manager/inc/libraries/countdown/js/jquery.countdown.min9b30.js]
[www.devopseasylearning.com/wp-content/plugins/wp-events-manager/inc/libraries/owl-carousel/js/owl.carousel.min9b30.js]
[www.devopseasylearning.com/wp-content/plugins/wp-events-manager/inc/libraries/magnific-popup/js/jquery.magnific-popup.mincc91.js]
[www.devopseasylearning.com/wp-content/plugins/wp-events-manager/assets/js/frontend/events.min9b30.js]
[www.devopseasylearning.com/wp-content/plugins/wp-whatsapp/assets/dist/js/njt-whatsappe735.js]
[www.devopseasylearning.com/wp-content/plugins/wp-whatsapp/assets/js/whatsapp-buttone735.js]
[www.devopseasylearning.com/wp-content/uploads/astra-addon/astra-addon-646fa387b8fd02-3918080131a4.js]
[www.devopseasylearning.com/wp-content/plugins/sfwd-lms/themes/ld30/assets/js/learndashaaf6.js]
[www.devopseasylearning.com/wp-content/plugins/gtranslate/js/flags9b30.js]
[www.devopseasylearning.com/wp-content/plugins/fluentformpro/public/libs/intl-tel-input/js/intlTelInput.min85e8.js]
[www.devopseasylearning.com/wp-content/plugins/fluentformpro/public/libs/intl-tel-input/js/utils85e8.js]
[www.devopseasylearning.com/wp-content/plugins/fluentform/public/js/form-submission163a.js]
[www.devopseasylearning.com/wp-content/plugins/wp-whatsapp/assets/js/whatsapp-popup9b30.js]
[www.devopseasylearning.com/wp-content/plugins/elementor-pro/assets/js/webpack-pro.runtime.min991d.js]
[www.devopseasylearning.com/wp-content/plugins/elementor/assets/js/webpack.runtime.min0fa4.js]
[www.devopseasylearning.com/wp-content/plugins/elementor/assets/js/frontend-modules.min0fa4.js]
[www.devopseasylearning.com/wp-includes/js/dist/vendor/wp-polyfill-inert.min0226.js]
[www.devopseasylearning.com/wp-includes/js/dist/vendor/regenerator-runtime.min8fa4.js]
[www.devopseasylearning.com/wp-includes/js/dist/vendor/wp-polyfill.min2c7c.js]
[www.devopseasylearning.com/wp-includes/js/dist/hooks.min2ebd.js]
[www.devopseasylearning.com/wp-includes/js/dist/i18n.minf92f.js]
[www.devopseasylearning.com/wp-content/plugins/elementor-pro/assets/js/frontend.min991d.js]
[www.devopseasylearning.com/wp-content/plugins/elementor/assets/lib/waypoints/waypoints.min05da.js]
[www.devopseasylearning.com/wp-content/plugins/elementor/assets/lib/swiper/swiper.min48f5.js]
[www.devopseasylearning.com/wp-content/plugins/elementor/assets/lib/share-link/share-link.min0fa4.js]
[www.devopseasylearning.com/wp-content/plugins/elementor/assets/lib/dialog/dialog.mind227.js]
[www.devopseasylearning.com/wp-content/plugins/elementor/assets/js/frontend.min0fa4.js]
[www.devopseasylearning.com/wp-content/plugins/elementor-pro/assets/js/preloaded-elements-handlers.min991d.js]
[www.devopseasylearning.com/wp-content/plugins/elementor/assets/js/preloaded-modules.min0fa4.js]
[www.devopseasylearning.com/registration/index.html]
[www.devopseasylearning.com/wp-content/plugins/memberpress/css/ui/theme1075.css]
[www.devopseasylearning.com/wp-content/themes/astra/assets/css/minified/main.min05da.css]
[www.devopseasylearning.com/wp-content/plugins/elementor-pro/assets/lib/sticky/jquery.sticky.min991d.js]
[www.devopseasylearning.com/wp-includes/fonts/dashicons7d4b.eot]
[www.devopseasylearning.com/wp-includes/fonts/dashicons7d4b.ttf]
[www.devopseasylearning.com/wp-includes/css/dashicons.min9b30.css]
[www.devopseasylearning.com/wp-content/plugins/menu-icons/css/extra.min1bd9.css]
[www.devopseasylearning.com/wp-includes/css/dist/block-library/style.min9b30.css]
[www.devopseasylearning.com/wp-content/plugins/embedpress/Gutenberg/dist/blocks.style.buildb516.css]
[www.devopseasylearning.com/wp-content/plugins/wp-whatsapp/assets/dist/css/style9b30.css]
[www.devopseasylearning.com/wp-content/plugins/sfwd-lms/themes/legacy/templates/learndash_quiz_front.minaaf6.css]
[www.devopseasylearning.com/wp-content/plugins/sfwd-lms/themes/ld30/assets/fonts/ld-icons4760.eot]
[www.devopseasylearning.com/wp-content/plugins/sfwd-lms/themes/ld30/assets/fonts/ld-icons4760.ttf]
[www.devopseasylearning.com/wp-content/plugins/sfwd-lms/themes/ld30/assets/fonts/ld-icons4760.woff]
[www.devopseasylearning.com/wp-content/plugins/sfwd-lms/themes/ld30/assets/css/learndash.minaaf6.css]
[www.devopseasylearning.com/wp-content/plugins/design-upgrade-learndash/assets/css/ld32905.css]
[www.devopseasylearning.com/wp-content/plugins/embedpress/assets/css/embedpress9b30.css]
[www.devopseasylearning.com/wp-content/plugins/juvo-session-manager-premium/public/css/juvo-session-manager-public7359.css]
[www.devopseasylearning.com/wp-content/plugins/sfwd-lms/themes/ld30/assets/fonts/ld-icons4760.svg]
[www.devopseasylearning.com/wp-content/plugins/revslider/public/assets/fonts/revicons/revicons90c6.eot]
[www.devopseasylearning.com/wp-content/plugins/revslider/public/assets/fonts/revicons/revicons90c6.woff]
[www.devopseasylearning.com/wp-content/plugins/revslider/public/assets/fonts/revicons/revicons90c6.ttf]
[www.devopseasylearning.com/wp-content/plugins/revslider/public/assets/fonts/revicons/revicons90c6.svg]
[www.devopseasylearning.com/wp-content/plugins/revslider/public/assets/assets/gridtile.png]
[www.devopseasylearning.com/wp-content/plugins/revslider/public/assets/assets/gridtile_white.png]
[www.devopseasylearning.com/wp-content/plugins/revslider/public/assets/assets/gridtile_3x3.png]
[www.devopseasylearning.com/wp-content/plugins/revslider/public/assets/assets/gridtile_3x3_white.png]
[www.devopseasylearning.com/wp-content/plugins/revslider/public/assets/assets/coloredbg.png]
[www.devopseasylearning.com/wp-content/plugins/revslider/public/assets/assets/loader.gif]
[www.devopseasylearning.com/wp-content/plugins/revslider/public/assets/css/settings84f5.css]
[www.devopseasylearning.com/wp-content/plugins/wp-events-manager/inc/libraries/countdown/css/jquery.countdown9b30.css]
[www.devopseasylearning.com/wp-content/plugins/wp-events-manager/inc/libraries/owl-carousel/css/grabbing.png]
[www.devopseasylearning.com/wp-content/plugins/wp-events-manager/inc/libraries/owl-carousel/css/owl.carousel9b30.css]
[www.devopseasylearning.com/wp-content/plugins/wp-events-manager/inc/libraries/magnific-popup/css/magnific-popup9b30.css]
[www.devopseasylearning.com/wp-content/plugins/wp-events-manager/assets/css/fonts/icomoonf9b4.eot]
[www.devopseasylearning.com/wp-content/plugins/wp-events-manager/assets/css/fonts/icomoonf9b4.ttf]
[www.devopseasylearning.com/wp-content/plugins/wp-events-manager/assets/css/fonts/icomoonf9b4.woff]
[www.devopseasylearning.com/wp-content/plugins/wp-events-manager/assets/css/fonts/icomoonf9b4.svg]
[www.devopseasylearning.com/wp-content/plugins/wp-events-manager/assets/css/frontend/events.min9b30.css]
[www.devopseasylearning.com/wp-content/plugins/sfwd-lms/assets/css/jquery.dropdown.minaaf6.css]
[www.devopseasylearning.com/wp-content/plugins/sfwd-lms/themes/legacy/templates/learndash_lesson_video.minaaf6.css]
[www.devopseasylearning.com/wp-content/plugins/ld-dashboard/public/css/images/ui-icons_444444_256x240.png]
[www.devopseasylearning.com/wp-content/plugins/ld-dashboard/public/css/images/ui-icons_555555_256x240.png]
[www.devopseasylearning.com/wp-content/plugins/ld-dashboard/public/css/images/ui-icons_ffffff_256x240.png]
[www.devopseasylearning.com/wp-content/plugins/ld-dashboard/public/css/images/ui-icons_777620_256x240.png]
[www.devopseasylearning.com/wp-content/plugins/ld-dashboard/public/css/images/ui-icons_cc0000_256x240.png]
[www.devopseasylearning.com/wp-content/plugins/ld-dashboard/public/css/images/ui-icons_777777_256x240.png]
[www.devopseasylearning.com/wp-content/plugins/ld-dashboard/public/css/jquery.ui.datepicker1014.css]
[www.devopseasylearning.com/wp-content/plugins/ld-dashboard/public/css/select2.min1014.css]
[www.devopseasylearning.com/wp-content/plugins/ld-dashboard/public/img/ld-dashboard-cover.jpg]
[www.devopseasylearning.com/wp-content/plugins/ld-dashboard/public/img/angle-right-b.svg]
[www.devopseasylearning.com/wp-content/plugins/ld-dashboard/public/css/desaturate.svg]
[www.devopseasylearning.com/wp-content/plugins/ld-dashboard/public/img/icons/camera-plus.svg]
[www.devopseasylearning.com/wp-content/plugins/ld-dashboard/public/img/icons/trash-alt-user.svg]
[www.devopseasylearning.com/wp-content/plugins/ld-dashboard/public/img/icons/check-white.svg]
[www.devopseasylearning.com/wp-content/plugins/ld-dashboard/public/img/icons/toggle-off.svg]
[www.devopseasylearning.com/wp-content/plugins/ld-dashboard/public/img/icons/text-size.svg]
[www.devopseasylearning.com/wp-content/plugins/ld-dashboard/public/img/icons/sort-amount-up.svg]
[www.devopseasylearning.com/wp-content/plugins/ld-dashboard/public/img/icons/exchange.svg]
[www.devopseasylearning.com/wp-content/plugins/ld-dashboard/public/img/icons/file.svg]
[www.devopseasylearning.com/wp-content/plugins/ld-dashboard/public/img/icons/files-landscapes-alt.svg]
[www.devopseasylearning.com/wp-content/plugins/ld-dashboard/public/img/icons/compress.svg]
[www.devopseasylearning.com/wp-content/plugins/ld-dashboard/public/img/icons/plus-white.svg]
[www.devopseasylearning.com/wp-content/plugins/ld-dashboard/public/img/icons/plus.svg]
[www.devopseasylearning.com/wp-content/plugins/ld-dashboard/public/img/icons/minus.svg]
[www.devopseasylearning.com/wp-content/plugins/ld-dashboard/public/img/icons/plus-circle.svg]
[www.devopseasylearning.com/wp-content/plugins/ld-dashboard/public/img/icons/dragable.svg]
[www.devopseasylearning.com/wp-content/plugins/ld-dashboard/public/img/icons/trash-alt.svg]
[www.devopseasylearning.com/wp-content/plugins/ld-dashboard/public/css/ld-dashboard-public1014.css]
[www.devopseasylearning.com/wp-content/plugins/ld-dashboard/public/img/icons/course.svg]
[www.devopseasylearning.com/wp-content/plugins/ld-dashboard/public/img/zoom-icon.png]
[www.devopseasylearning.com/wp-content/plugins/ld-dashboard/public/css/ld-dashboard-public-zoom1014.css]
[www.devopseasylearning.com/wp-content/plugins/ld-dashboard/public/icons/ld-iconsfc18.eot]
[www.devopseasylearning.com/wp-content/plugins/ld-dashboard/public/icons/ld-iconsfc18.woff2]
[www.devopseasylearning.com/wp-content/plugins/ld-dashboard/public/icons/ld-iconsfc18.woff]
[www.devopseasylearning.com/wp-content/plugins/ld-dashboard/public/icons/ld-iconsfc18.ttf]
[www.devopseasylearning.com/wp-content/plugins/ld-dashboard/public/icons/ld-icons1014.css]
[www.devopseasylearning.com/wp-content/plugins/sfwd-lms/assets/css/learndash-admin-shortcodes-rtl1014.css]
[www.devopseasylearning.com/wp-content/plugins/sfwd-lms/assets/css/learndash-admin-shortcodes1014.css]
[www.devopseasylearning.com/wp-content/uploads/astra-addon/astra-addon-646fa387b70225-4758021731a4.css]
[www.devopseasylearning.com/wp-content/plugins/ld-dashboard/public/icons/ld-iconsfc18.svg]
[www.devopseasylearning.com/wp-content/plugins/elementor/assets/lib/eicons/fonts/eiconsb732.eot]
[www.devopseasylearning.com/wp-content/plugins/elementor/assets/lib/eicons/fonts/eiconsb732.woff2]
[www.devopseasylearning.com/wp-content/plugins/elementor/assets/lib/eicons/fonts/eiconsb732.woff]
[www.devopseasylearning.com/wp-content/plugins/elementor/assets/lib/eicons/fonts/eiconsb732.ttf]
[www.devopseasylearning.com/wp-content/plugins/elementor/assets/lib/eicons/css/elementor-icons.minfc13.css]
[www.devopseasylearning.com/wp-content/plugins/elementor/assets/css/frontend.min0fa4.css]
[www.devopseasylearning.com/wp-content/plugins/elementor/assets/lib/swiper/css/swiper.min48f5.css]
[www.devopseasylearning.com/wp-content/uploads/elementor/css/post-2700bee4.css]
[www.devopseasylearning.com/wp-content/plugins/embedpress/assets/css/embedpress-elementorf3df.css]
[www.devopseasylearning.com/wp-content/plugins/elementor-pro/assets/css/frontend.min991d.css]
[www.devopseasylearning.com/wp-content/uploads/elementor/css/global02c6.css]
[www.devopseasylearning.com/wp-content/uploads/elementor/css/post-27081c53.css]
[www.devopseasylearning.com/wp-content/plugins/fluentform/public/css/fluent-forms-elementor-widget163a.css]
[www.devopseasylearning.com/wp-content/uploads/elementor/css/post-24218bee4.css]
[www.devopseasylearning.com/wp-content/uploads/elementor/css/post-24236bee4.css]
[www.devopseasylearning.com/wp-content/plugins/elementor/assets/lib/font-awesome/css/fontawesome.min52d5.css]
[www.devopseasylearning.com/wp-content/plugins/elementor/assets/lib/eicons/fonts/eiconsb732.svg]
[www.devopseasylearning.com/wp-content/plugins/elementor/assets/lib/font-awesome/webfonts/fa-solid-900.eot]
[www.devopseasylearning.com/wp-content/plugins/elementor/assets/lib/font-awesome/webfonts/fa-solid-900d41d.eot]
[www.devopseasylearning.com/wp-content/plugins/elementor/assets/lib/font-awesome/webfonts/fa-solid-900.woff2]
[www.devopseasylearning.com/wp-content/plugins/elementor/assets/lib/font-awesome/webfonts/fa-solid-900.woff]
[www.devopseasylearning.com/wp-content/plugins/elementor/assets/lib/font-awesome/webfonts/fa-solid-900.ttf]
[www.devopseasylearning.com/wp-content/plugins/elementor/assets/lib/font-awesome/css/solid.min52d5.css]
[www.devopseasylearning.com/wp-content/plugins/elementor/assets/lib/font-awesome/webfonts/fa-regular-400.eot]
[www.devopseasylearning.com/wp-content/plugins/elementor/assets/lib/font-awesome/webfonts/fa-solid-900.svg]
[www.devopseasylearning.com/wp-content/plugins/elementor/assets/lib/font-awesome/webfonts/fa-regular-400d41d.eot]
[www.devopseasylearning.com/wp-content/plugins/elementor/assets/lib/font-awesome/webfonts/fa-regular-400.woff2]
[www.devopseasylearning.com/wp-content/plugins/elementor/assets/lib/font-awesome/webfonts/fa-regular-400.woff]
[www.devopseasylearning.com/wp-content/plugins/elementor/assets/lib/font-awesome/webfonts/fa-regular-400.ttf]
[www.devopseasylearning.com/wp-content/plugins/elementor/assets/lib/font-awesome/css/regular.min52d5.css]
[www.devopseasylearning.com/index8881.html]
[www.devopseasylearning.com/wp-content/plugins/elementor/assets/lib/font-awesome/webfonts/fa-regular-400.svg]
[www.devopseasylearning.com/wp-content/plugins/elc-ctid-verifier/assets/css/elc-ctid-verifier9408.css]
[www.devopseasylearning.com/wp-content/uploads/elementor/css/post-30436e2ff.css]
[www.devopseasylearning.com/wp-json/wp/v2/pages/30436.json]
[www.devopseasylearning.com/wp-json/oembed/1.0/embede197.json]
[www.devopseasylearning.com/wp-json/oembed/1.0/embed9406]
[www.devopseasylearning.com/wp-admin/images/loading.gif]
[www.devopseasylearning.com/verify-certification/index.html]
[www.devopseasylearning.com/wp-content/plugins/elc-ctid-verifier/assets/js/elc-ctid-verifier9408.js]
[www.devopseasylearning.com/wp-content/uploads/elementor/css/post-28656936b.css]
[www.devopseasylearning.com/wp-json/wp/v2/pages/28656.json]
[www.devopseasylearning.com/wp-json/oembed/1.0/embed4827.json]
[www.devopseasylearning.com/wp-json/oembed/1.0/embedab11]
[www.devopseasylearning.com/wp-content/uploads/2021/05/e3.jpg]
[www.devopseasylearning.com/wp-content/uploads/2021/05/e2.jpg]
[www.devopseasylearning.com/wp-content/uploads/2022/11/GROUP-2-1024x683.jpg]
[www.devopseasylearning.com/wp-content/plugins/make-column-clickable-elementor/assets/js/make-column-clickable2fca.js]
[www.devopseasylearning.com/indexc20a.html]
[www.devopseasylearning.com/wp-includes/js/imagesloaded.mineda1.js]
[www.devopseasylearning.com/events/session-6-november-2023/index.html]
[www.devopseasylearning.com/events/session-5-november-2022-2/index.html]
[www.devopseasylearning.com/register/6-installments/index.html]
[www.devopseasylearning.com/register/3-installments/index.html]
[www.devopseasylearning.com/wp-json/wp/v2/pages/2033.json]
[www.devopseasylearning.com/register/2-installments/index.html]
[www.devopseasylearning.com/register/pay-in-full/index.html]
[www.devopseasylearning.com/wp-json/oembed/1.0/embed8afc.json]
[www.devopseasylearning.com/instalments-plan/index.html]
[www.devopseasylearning.com/wp-json/oembed/1.0/embed78ba]
[www.devopseasylearning.com/wp-content/uploads/elementor/css/post-368fde8.css]
[www.devopseasylearning.com/wp-json/wp/v2/pages/368.json]
[www.devopseasylearning.com/wp-json/oembed/1.0/embed3d97.json]
[www.devopseasylearning.com/contact/index.html]
[www.devopseasylearning.com/wp-json/oembed/1.0/embed1dfb]
[www.devopseasylearning.com/wp-content/plugins/memberpress/css/ui/login1075.css]
[www.devopseasylearning.com/wp-content/uploads/elementor/css/post-2434d9ef.css]
[www.devopseasylearning.com/wp-content/plugins/memberpress/js/login1075.js]
[www.devopseasylearning.com/wp-json/wp/v2/pages/2434.json]
[www.devopseasylearning.com/wp-json/oembed/1.0/embed0c94.json]
[www.devopseasylearning.com/login/index.html]
[www.devopseasylearning.com/index.html]
[www.devopseasylearning.com/events/index.html]
[www.devopseasylearning.com/privacy-policy/index.html]
[www.devopseasylearning.com/login/index930e.html]
[www.devopseasylearning.com/wp-json/oembed/1.0/embedaba4]
[www.devopseasylearning.com/events/session-4-july-2022/index.html]
[www.devopseasylearning.com/wp-content/plugins/fluentformpro/public/libs/intl-tel-input/img/flags.png]
[www.devopseasylearning.com/wp-content/plugins/fluentformpro/public/libs/intl-tel-input/img/flags@2x.png]
[www.devopseasylearning.com/wp-content/plugins/fluentformpro/public/libs/intl-tel-input/css/intlTelInput.min85e8.css]
[www.devopseasylearning.com/wp-content/plugins/fluentform/public/css/fluent-forms-public163a.css]
[www.devopseasylearning.com/wp-content/plugins/fluentform/public/css/fluentform-public-default163a.css]
[www.devopseasylearning.com/wp-content/plugins/elementor/assets/lib/animations/animations.min0fa4.css]
[www.devopseasylearning.com/events/session-of-november-2021/index.html]
[www.devopseasylearning.com/events/may-2021-session/index.html]
[www.devopseasylearning.com/wp-content/plugins/sfwd-lms/themes/ld30/assets/fonts/ld-icons4760.svg]
[www.devopseasylearning.com/wp-content/plugins/revslider/public/assets/fonts/revicons/revicons90c6.svg]
[www.devopseasylearning.com/wp-content/plugins/revslider/public/assets/css/openhand.html]
[www.devopseasylearning.com/wp-content/plugins/revslider/public/assets/css/closedhand.html]
[www.devopseasylearning.com/wp-content/plugins/wp-events-manager/assets/css/fonts/icomoonf9b4.html]
[www.devopseasylearning.com/wp-content/plugins/wp-events-manager/assets/css/fonts/icomoonf9b4-2.html]
[www.devopseasylearning.com/wp-content/plugins/wp-events-manager/assets/css/fonts/icomoonf9b4-3.html]
[www.devopseasylearning.com/wp-content/plugins/wp-events-manager/assets/css/fonts/icomoonf9b4-4.html]
[www.devopseasylearning.com/wp-content/plugins/ld-dashboard/public/img/angle-right-b.svg]
[www.devopseasylearning.com/wp-content/plugins/ld-dashboard/public/css/desaturate.html]
[www.devopseasylearning.com/wp-content/plugins/ld-dashboard/public/img/icons/camera-plus.svg]
[www.devopseasylearning.com/wp-content/plugins/ld-dashboard/public/img/icons/trash-alt-user.svg]
[www.devopseasylearning.com/wp-content/plugins/ld-dashboard/public/img/icons/check-white.svg]
[www.devopseasylearning.com/wp-content/plugins/ld-dashboard/public/img/icons/toggle-off.svg]
[www.devopseasylearning.com/wp-content/plugins/ld-dashboard/public/img/icons/text-size.svg]
[www.devopseasylearning.com/wp-content/plugins/ld-dashboard/public/img/icons/sort-amount-up.svg]
[www.devopseasylearning.com/wp-content/plugins/ld-dashboard/public/img/icons/exchange.svg]
[www.devopseasylearning.com/wp-content/plugins/ld-dashboard/public/img/icons/file.svg]
[www.devopseasylearning.com/wp-content/plugins/ld-dashboard/public/img/icons/files-landscapes-alt.svg]
[www.devopseasylearning.com/wp-content/plugins/ld-dashboard/public/img/icons/compress.svg]
[www.devopseasylearning.com/wp-content/plugins/ld-dashboard/public/img/icons/plus-white.svg]
[www.devopseasylearning.com/wp-content/plugins/ld-dashboard/public/img/icons/plus.svg]
[www.devopseasylearning.com/wp-content/plugins/ld-dashboard/public/img/icons/minus.svg]
[www.devopseasylearning.com/wp-content/plugins/ld-dashboard/public/img/icons/plus-circle.html]
[www.devopseasylearning.com/wp-content/plugins/ld-dashboard/public/img/icons/dragable.svg]
[www.devopseasylearning.com/wp-content/plugins/ld-dashboard/public/img/icons/trash-alt.svg]
[www.devopseasylearning.com/wp-content/plugins/ld-dashboard/public/img/icons/course.svg]
[www.devopseasylearning.com/wp-content/plugins/ld-dashboard/public/icons/ld-iconsfc18.svg]
[www.devopseasylearning.com/wp-content/plugins/elementor/assets/lib/eicons/fonts/eiconsb732.svg]
[www.devopseasylearning.com/wp-content/plugins/elementor/assets/lib/font-awesome/webfonts/fa-solid-900.svg]
[www.devopseasylearning.com/wp-content/plugins/elementor/assets/lib/font-awesome/webfonts/fa-regular-400.svg]
[www.devopseasylearning.com/wp-content/plugins/elc-ctid-verifier/assets/css/elc-ctid-verifier9408.css]
[www.devopseasylearning.com/wp-content/uploads/elementor/css/post-30436e2ff.css]
[www.devopseasylearning.com/index8592.html]
[www.devopseasylearning.com/wp-content/plugins/ld-dashboard/public/img/angle-left-b.svg]
[www.devopseasylearning.com/wp-content/plugins/elementor-pro/assets/lib/smartmenus/jquery.smartmenus.minf269.js]
[www.devopseasylearning.com/wp-content/uploads/2022/12/Screenshot-2022-12-14-143936.png]
[www.devopseasylearning.com/wp-content/uploads/2022/12/Introdurre-la-cultura-DevOps-in-azienda-senza-friction.jpg]
[www.devopseasylearning.com/wp-content/uploads/2021/03/testimonials-banner.jpg]
[www.devopseasylearning.com/wp-content/uploads/elementor/css/post-28656936b.css]
[www.devopseasylearning.com/events/session-6-november-2023/feed/index.html]
[www.devopseasylearning.com/wp-json/oembed/1.0/embedacfd.json]
[www.devopseasylearning.com/wp-json/oembed/1.0/embed1065]
[www.devopseasylearning.com/wp-content/uploads/2023/02/WhatsApp-Image-2023-02-15-at-2.01.51-PM-724x1024.jpg]
[www.devopseasylearning.com/wp-content/uploads/2023/02/WhatsApp-Image-2023-02-17-at-21.40.13-1024x1024.jpg]
[www.devopseasylearning.com/wp-includes/js/comment-reply.min9b30.js]
[www.devopseasylearning.com/events/session-6-november-2023/index.html]
[www.devopseasylearning.com/wp-content/plugins/wp-events-manager/assets/js/frontend/google-map9b30.js]
[www.devopseasylearning.com/events/session-5-november-2022-2/feed/index.html]
[www.devopseasylearning.com/wp-json/oembed/1.0/embed0824.json]
[www.devopseasylearning.com/events/session-5-november-2022-2/index.html]
[www.devopseasylearning.com/wp-json/oembed/1.0/embedd1bd]
[www.devopseasylearning.com/wp-content/plugins/memberpress/css/jquery-ui-timepicker-addon9b30.css]
[cdnjs.cloudflare.com/ajax/libs/magnific-popup.js/1.1.0/magnific-popup.min9b30.css]
[www.devopseasylearning.com/wp-content/plugins/memberpress/css/signup1075.css]
[www.devopseasylearning.com/wp-content/uploads/elementor/css/post-24459b9bd.css]
[cdnjs.cloudflare.com/ajax/libs/magnific-popup.js/1.1.0/jquery.magnific-popup.min9b30.js]
[www.devopseasylearning.com/wp-content/plugins/memberpress/js/jquery.payment1075.js]
[www.devopseasylearning.com/wp-content/plugins/memberpress/js/validate1075.js]
[www.devopseasylearning.com/wp-content/plugins/memberpress/js/i18n1075.js]
[www.devopseasylearning.com/wp-includes/js/jquery/ui/datepicker.min3f14.js]
[www.devopseasylearning.com/wp-content/plugins/memberpress/js/jquery-ui-timepicker-addon1075.js]
[www.devopseasylearning.com/wp-content/plugins/memberpress/js/date_picker1075.js]
[www.devopseasylearning.com/wp-content/plugins/memberpress/js/signup1075.js]
[www.devopseasylearning.com/wp-json/oembed/1.0/embed2a9b.json]
[www.devopseasylearning.com/wp-includes/js/thickbox/loadingAnimation.gif]
[www.devopseasylearning.com/register/6-installments/index.html]
[www.devopseasylearning.com/wp-json/oembed/1.0/embed43a4.json]
[www.devopseasylearning.com/register/3-installments/feed/index.html]
[www.devopseasylearning.com/register/3-installments/index.html]
[www.devopseasylearning.com/wp-json/oembed/1.0/embed7bdf]
[www.devopseasylearning.com/wp-json/oembed/1.0/embeded28.json]
[www.devopseasylearning.com/register/2-installments/index.html]
[www.devopseasylearning.com/wp-json/oembed/1.0/embede6c6]
[www.devopseasylearning.com/wp-json/oembed/1.0/embed1e01.json]
[www.devopseasylearning.com/register/pay-in-full/index.html]
[www.devopseasylearning.com/index91bb.html]
[www.devopseasylearning.com/wp-content/uploads/elementor/css/post-368fde8.css]
[www.devopseasylearning.com/index5ee4.html]
[www.devopseasylearning.com/wp-content/plugins/memberpress/css/ui/login1075.css]
[www.devopseasylearning.com/wp-content/uploads/elementor/css/post-2434d9ef.css]
[www.devopseasylearning.com/index8639.html]
[www.devopseasylearning.com/login/index930e.html]
[www.devopseasylearning.com/wp-json/oembed/1.0/embedd797]
[www.devopseasylearning.com/wp-content/uploads/elementor/css/post-2033059a.css]
[www.devopseasylearning.com/events/session-4-july-2022/feed/index.html]
[www.devopseasylearning.com/events/feed/index.html]
[www.devopseasylearning.com/wp-json/oembed/1.0/embed9ef8.json]
[www.devopseasylearning.com/events/session-4-july-2022/index.html]
[www.devopseasylearning.com/wp-json/oembed/1.0/embed29c6]
[www.devopseasylearning.com/events/session-of-november-2021/feed/index.html]
[www.devopseasylearning.com/wp-json/oembed/1.0/embede15d.json]
[www.devopseasylearning.com/events/session-of-november-2021/index.html]
[www.devopseasylearning.com/wp-json/oembed/1.0/embed1ffb]
[www.devopseasylearning.com/wp-json/oembed/1.0/embedc1bb.json]
[www.devopseasylearning.com/events/may-2021-session/feed/index.html]
[www.devopseasylearning.com/events/may-2021-session/index.html]
[www.devopseasylearning.com/wp-content/plugins/ld-dashboard/public/img/angle-left-b.svg]
[www.devopseasylearning.com/xmlrpc0db0.php]
[www.devopseasylearning.com/index2ed3.html]
[www.devopseasylearning.com/index9d4a.html]
[ajax.googleapis.com/ajax/libs/jqueryui/1.13.2/themes/smoothness/images/ui-bg_highlight-soft_75_cccccc_1x100.png]
[ajax.googleapis.com/ajax/libs/jqueryui/1.13.2/themes/smoothness/images/ui-bg_glass_75_e6e6e6_1x400.png]
[www.devopseasylearning.com/wp-json/oembed/1.0/embed4214]
[ajax.googleapis.com/ajax/libs/jqueryui/1.13.2/themes/smoothness/images/ui-bg_glass_75_dadada_1x400.png]
[ajax.googleapis.com/ajax/libs/jqueryui/1.13.2/themes/smoothness/images/ui-bg_glass_65_ffffff_1x400.png]
[ajax.googleapis.com/ajax/libs/jqueryui/1.13.2/themes/smoothness/images/ui-bg_glass_55_fbf9ee_1x400.png]
[ajax.googleapis.com/ajax/libs/jqueryui/1.13.2/themes/smoothness/images/ui-bg_glass_95_fef1ec_1x400.png]
[ajax.googleapis.com/ajax/libs/jqueryui/1.13.2/themes/smoothness/images/ui-icons_222222_256x240.png]
[ajax.googleapis.com/ajax/libs/jqueryui/1.13.2/themes/smoothness/images/ui-icons_454545_256x240.png]
[ajax.googleapis.com/ajax/libs/jqueryui/1.13.2/themes/smoothness/images/ui-icons_2e83ff_256x240.png]
[ajax.googleapis.com/ajax/libs/jqueryui/1.13.2/themes/smoothness/images/ui-icons_cd0a0a_256x240.png]
[ajax.googleapis.com/ajax/libs/jqueryui/1.13.2/themes/smoothness/images/ui-icons_888888_256x240.png]
[ajax.googleapis.com/ajax/libs/jqueryui/1.13.2/themes/smoothness/jquery-ui9b30.css]
[www.devopseasylearning.com/wp-content/plugins/memberpress/css/jquery-ui-timepicker-addon9b30.css]
[cdnjs.cloudflare.com/ajax/libs/magnific-popup.js/1.1.0/magnific-popup.min9b30.css]
[www.devopseasylearning.com/wp-content/plugins/memberpress/images/checkout/visa.png]
[www.devopseasylearning.com/wp-content/plugins/memberpress/images/checkout/mastercard.png]
[www.devopseasylearning.com/wp-content/plugins/memberpress/images/checkout/discover.png]
[www.devopseasylearning.com/wp-content/plugins/memberpress/images/checkout/amex.png]
[www.devopseasylearning.com/wp-content/plugins/memberpress/images/checkout/cards.png]
[www.devopseasylearning.com/wp-content/plugins/memberpress/css/signup1075.css]
[www.devopseasylearning.com/wp-content/uploads/elementor/css/post-24459b9bd.css]
[www.devopseasylearning.com/index2d28.html]
[www.devopseasylearning.com/register/3-installments/feed/index.html]
[www.devopseasylearning.com/index6497.html]
[www.devopseasylearning.com/index6a17.html]
[www.devopseasylearning.com/index1f8e.html]
[www.devopseasylearning.com/wp-content/uploads/elementor/css/post-2033059a.css]
[www.devopseasylearning.com/index0347.html]
[www.devopseasylearning.com/index4ff7.html]
[www.devopseasylearning.com/index708c.html]
[www.devopseasylearning.com/wp-json/oembed/1.0/embedfe15]
